2026-05-26 16:45:37,723 - utils - ERROR - Файл не найден: non_existent_file.json
2026-05-26 16:45:37,726 - utils - ERROR - Ошибка парсинга JSON: Expecting value: line 1 column 1 (char 0)
2026-05-26 16:45:37,727 - utils - ERROR - Указанный путь не является файлом: some_directory
2026-05-26 16:45:37,730 - utils - ERROR - JSON не содержит список транзакций
2026-05-26 16:45:37,733 - utils - INFO - Успешно загружено 1 транзакций
2026-05-26 16:45:37,752 - masks - DEBUG - Начало обработки номера карты: '1234567890123456'
2026-05-26 16:45:37,752 - masks - DEBUG - Извлечены цифры: '1234567890123456' (длина: 16)
2026-05-26 16:45:37,752 - masks - INFO - Номер карты валиден, длина: 16 цифр
2026-05-26 16:45:37,752 - masks - DEBUG - Первые 6 цифр: '123456', последние 4 цифры: '3456'
2026-05-26 16:45:37,752 - masks - DEBUG - Создана полная маска (без форматирования): '123456******3456'
2026-05-26 16:45:37,752 - masks - INFO - Замаскированный номер создан: '1234 56** **** 3456'
2026-05-26 16:45:37,753 - masks - DEBUG - Начало обработки номера карты: '1234 5678 9012 3456'
2026-05-26 16:45:37,753 - masks - DEBUG - Извлечены цифры: '1234567890123456' (длина: 16)
2026-05-26 16:45:37,753 - masks - INFO - Номер карты валиден, длина: 16 цифр
2026-05-26 16:45:37,753 - masks - DEBUG - Первые 6 цифр: '123456', последние 4 цифры: '3456'
2026-05-26 16:45:37,753 - masks - DEBUG - Создана полная маска (без форматирования): '123456******3456'
2026-05-26 16:45:37,753 - masks - INFO - Замаскированный номер создан: '1234 56** **** 3456'
2026-05-26 16:45:37,754 - masks - DEBUG - Начало обработки номера карты: '1234-567890-123456'
2026-05-26 16:45:37,754 - masks - DEBUG - Извлечены цифры: '1234567890123456' (длина: 16)
2026-05-26 16:45:37,754 - masks - INFO - Номер карты валиден, длина: 16 цифр
2026-05-26 16:45:37,754 - masks - DEBUG - Первые 6 цифр: '123456', последние 4 цифры: '3456'
2026-05-26 16:45:37,754 - masks - DEBUG - Создана полная маска (без форматирования): '123456******3456'
2026-05-26 16:45:37,754 - masks - INFO - Замаскированный номер создан: '1234 56** **** 3456'
2026-05-26 16:45:37,755 - masks - DEBUG - Извлечены цифры: '73654108430135874305' (длина: 20)
2026-05-26 16:45:37,755 - masks - INFO - Номер счёта валиден, длина: 20 цифр
2026-05-26 16:45:37,755 - masks - DEBUG - Последние 4 цифры: '4305'
2026-05-26 16:45:37,755 - masks - INFO - Замаскированный номер счёта создан: '**4305'
2026-05-26 16:45:37,755 - masks - DEBUG - Извлечены цифры: '73654108430135874305' (длина: 20)
2026-05-26 16:45:37,756 - masks - INFO - Номер счёта валиден, длина: 20 цифр
2026-05-26 16:45:37,756 - masks - DEBUG - Последние 4 цифры: '4305'
2026-05-26 16:45:37,756 - masks - INFO - Замаскированный номер счёта создан: '**4305'
2026-05-26 16:45:37,757 - masks - DEBUG - Извлечены цифры: '7108430135874305' (длина: 16)
2026-05-26 16:45:37,757 - masks - INFO - Номер счёта валиден, длина: 16 цифр
2026-05-26 16:45:37,757 - masks - DEBUG - Последние 4 цифры: '4305'
2026-05-26 16:45:37,757 - masks - INFO - Замаскированный номер счёта создан: '**4305'
2026-05-26 16:45:37,758 - masks - DEBUG - Начало обработки номера карты: '1234'
2026-05-26 16:45:37,758 - masks - DEBUG - Извлечены цифры: '1234' (длина: 4)
2026-05-26 16:45:37,758 - masks - ERROR - Номер карты должен содержать не менее 10 цифр. Получено: 4
2026-05-26 16:45:37,758 - masks - DEBUG - Начало обработки номера карты: '12345'
2026-05-26 16:45:37,758 - masks - DEBUG - Извлечены цифры: '12345' (длина: 5)
2026-05-26 16:45:37,758 - masks - ERROR - Номер карты должен содержать не менее 10 цифр. Получено: 5
2026-05-26 16:45:37,758 - masks - DEBUG - Начало обработки номера карты: ''
2026-05-26 16:45:37,758 - masks - DEBUG - Извлечены цифры: '' (длина: 0)
2026-05-26 16:45:37,758 - masks - ERROR - Номер карты должен содержать не менее 10 цифр. Получено: 0
2026-05-26 16:45:37,758 - masks - DEBUG - Начало обработки номера карты: 'abc123'
2026-05-26 16:45:37,759 - masks - DEBUG - Извлечены цифры: '123' (длина: 3)
2026-05-26 16:45:37,759 - masks - ERROR - Номер карты должен содержать не менее 10 цифр. Получено: 3
2026-05-26 16:45:37,759 - masks - DEBUG - Начало обработки номера карты: '----'
2026-05-26 16:45:37,759 - masks - DEBUG - Извлечены цифры: '' (длина: 0)
2026-05-26 16:45:37,759 - masks - ERROR - Номер карты должен содержать не менее 10 цифр. Получено: 0
2026-05-26 16:45:37,759 - masks - DEBUG - Начало обработки номера карты: '   '
2026-05-26 16:45:37,759 - masks - DEBUG - Извлечены цифры: '' (длина: 0)
2026-05-26 16:45:37,759 - masks - ERROR - Номер карты должен содержать не менее 10 цифр. Получено: 0
2026-05-26 16:45:37,760 - masks - DEBUG - Начало обработки номера карты: '1234567890'
2026-05-26 16:45:37,760 - masks - DEBUG - Извлечены цифры: '1234567890' (длина: 10)
2026-05-26 16:45:37,760 - masks - INFO - Номер карты валиден, длина: 10 цифр
2026-05-26 16:45:37,760 - masks - DEBUG - Первые 6 цифр: '123456', последние 4 цифры: '7890'
2026-05-26 16:45:37,760 - masks - DEBUG - Создана полная маска (без форматирования): '1234567890'
2026-05-26 16:45:37,760 - masks - INFO - Замаскированный номер создан: '1234 5678 90'
2026-05-26 16:45:37,760 - masks - DEBUG - Начало обработки номера карты: '12345678901'
2026-05-26 16:45:37,760 - masks - DEBUG - Извлечены цифры: '12345678901' (длина: 11)
2026-05-26 16:45:37,760 - masks - INFO - Номер карты валиден, длина: 11 цифр
2026-05-26 16:45:37,760 - masks - DEBUG - Первые 6 цифр: '123456', последние 4 цифры: '8901'
2026-05-26 16:45:37,760 - masks - DEBUG - Создана полная маска (без форматирования): '123456*8901'
2026-05-26 16:45:37,760 - masks - INFO - Замаскированный номер создан: '1234 56*8 901'
2026-05-26 16:45:37,760 - masks - DEBUG - Начало обработки номера карты: '11111111111111111111'
2026-05-26 16:45:37,760 - masks - DEBUG - Извлечены цифры: '11111111111111111111' (длина: 20)
2026-05-26 16:45:37,760 - masks - INFO - Номер карты валиден, длина: 20 цифр
2026-05-26 16:45:37,760 - masks - DEBUG - Первые 6 цифр: '111111', последние 4 цифры: '1111'
2026-05-26 16:45:37,760 - masks - DEBUG - Создана полная маска (без форматирования): '111111**********1111'
2026-05-26 16:45:37,760 - masks - INFO - Замаскированный номер создан: '1111 11** **** **** 1111'
2026-05-26 16:45:37,761 - masks - DEBUG - Извлечены цифры: '123' (длина: 3)
2026-05-26 16:45:37,761 - masks - ERROR - Номер счёта должен содержать не менее 4 цифр. Получено: 3
2026-05-26 16:45:37,761 - masks - DEBUG - Извлечены цифры: '12' (длина: 2)
2026-05-26 16:45:37,761 - masks - ERROR - Номер счёта должен содержать не менее 4 цифр. Получено: 2
2026-05-26 16:45:37,761 - masks - DEBUG - Извлечены цифры: '' (длина: 0)
2026-05-26 16:45:37,761 - masks - ERROR - Номер счёта должен содержать не менее 4 цифр. Получено: 0
2026-05-26 16:45:37,761 - masks - DEBUG - Извлечены цифры: '123' (длина: 3)
2026-05-26 16:45:37,761 - masks - ERROR - Номер счёта должен содержать не менее 4 цифр. Получено: 3
2026-05-26 16:45:37,762 - masks - DEBUG - Извлечены цифры: '' (длина: 0)
2026-05-26 16:45:37,762 - masks - ERROR - Номер счёта должен содержать не менее 4 цифр. Получено: 0
2026-05-26 16:45:37,762 - masks - DEBUG - Извлечены цифры: '' (длина: 0)
2026-05-26 16:45:37,762 - masks - ERROR - Номер счёта должен содержать не менее 4 цифр. Получено: 0
2026-05-26 16:45:37,762 - masks - DEBUG - Извлечены цифры: '123' (длина: 3)
2026-05-26 16:45:37,762 - masks - ERROR - Номер счёта должен содержать не менее 4 цифр. Получено: 3
2026-05-26 16:45:37,762 - masks - DEBUG - Извлечены цифры: '1234' (длина: 4)
2026-05-26 16:45:37,762 - masks - INFO - Номер счёта валиден, длина: 4 цифр
2026-05-26 16:45:37,762 - masks - DEBUG - Последние 4 цифры: '1234'
2026-05-26 16:45:37,762 - masks - INFO - Замаскированный номер счёта создан: '**1234'
2026-05-26 16:45:37,763 - masks - DEBUG - Извлечены цифры: '12345' (длина: 5)
2026-05-26 16:45:37,763 - masks - INFO - Номер счёта валиден, длина: 5 цифр
2026-05-26 16:45:37,763 - masks - DEBUG - Последние 4 цифры: '2345'
2026-05-26 16:45:37,763 - masks - INFO - Замаскированный номер счёта создан: '**2345'
2026-05-26 16:45:37,763 - masks - DEBUG - Извлечены цифры: '111111111111111111111111111111' (длина: 30)
2026-05-26 16:45:37,763 - masks - INFO - Номер счёта валиден, длина: 30 цифр
2026-05-26 16:45:37,763 - masks - DEBUG - Последние 4 цифры: '1111'
2026-05-26 16:45:37,763 - masks - INFO - Замаскированный номер счёта создан: '**1111'
2026-05-26 16:45:37,779 - masks - DEBUG - Начало обработки номера карты: '6831982476737658'
2026-05-26 16:45:37,779 - masks - DEBUG - Извлечены цифры: '6831982476737658' (длина: 16)
2026-05-26 16:45:37,779 - masks - INFO - Номер карты валиден, длина: 16 цифр
2026-05-26 16:45:37,779 - masks - DEBUG - Первые 6 цифр: '683198', последние 4 цифры: '7658'
2026-05-26 16:45:37,779 - masks - DEBUG - Создана полная маска (без форматирования): '683198******7658'
2026-05-26 16:45:37,779 - masks - INFO - Замаскированный номер создан: '6831 98** **** 7658'
2026-05-26 16:45:37,779 - masks - DEBUG - Начало обработки номера карты: '5555123456789012'
2026-05-26 16:45:37,779 - masks - DEBUG - Извлечены цифры: '5555123456789012' (длина: 16)
2026-05-26 16:45:37,779 - masks - INFO - Номер карты валиден, длина: 16 цифр
2026-05-26 16:45:37,779 - masks - DEBUG - Первые 6 цифр: '555512', последние 4 цифры: '9012'
2026-05-26 16:45:37,779 - masks - DEBUG - Создана полная маска (без форматирования): '555512******9012'
2026-05-26 16:45:37,779 - masks - INFO - Замаскированный номер создан: '5555 12** **** 9012'
2026-05-26 16:45:37,779 - masks - DEBUG - Начало обработки номера карты: '378282246310005'
2026-05-26 16:45:37,779 - masks - DEBUG - Извлечены цифры: '378282246310005' (длина: 15)
2026-05-26 16:45:37,779 - masks - INFO - Номер карты валиден, длина: 15 цифр
2026-05-26 16:45:37,779 - masks - DEBUG - Первые 6 цифр: '378282', последние 4 цифры: '0005'
2026-05-26 16:45:37,779 - masks - DEBUG - Создана полная маска (без форматирования): '378282*****0005'
2026-05-26 16:45:37,780 - masks - INFO - Замаскированный номер создан: '3782 82** ***0 005'
2026-05-26 16:45:37,780 - masks - DEBUG - Начало обработки номера карты: '6011111111111117'
2026-05-26 16:45:37,780 - masks - DEBUG - Извлечены цифры: '6011111111111117' (длина: 16)
2026-05-26 16:45:37,780 - masks - INFO - Номер карты валиден, длина: 16 цифр
2026-05-26 16:45:37,780 - masks - DEBUG - Первые 6 цифр: '601111', последние 4 цифры: '1117'
2026-05-26 16:45:37,780 - masks - DEBUG - Создана полная маска (без форматирования): '601111******1117'
2026-05-26 16:45:37,780 - masks - INFO - Замаскированный номер создан: '6011 11** **** 1117'
2026-05-26 16:45:37,780 - masks - DEBUG - Начало обработки номера карты: '6759000000000001'
2026-05-26 16:45:37,780 - masks - DEBUG - Извлечены цифры: '6759000000000001' (длина: 16)
2026-05-26 16:45:37,780 - masks - INFO - Номер карты валиден, длина: 16 цифр
2026-05-26 16:45:37,780 - masks - DEBUG - Первые 6 цифр: '675900', последние 4 цифры: '0001'
2026-05-26 16:45:37,780 - masks - DEBUG - Создана полная маска (без форматирования): '675900******0001'
2026-05-26 16:45:37,780 - masks - INFO - Замаскированный номер создан: '6759 00** **** 0001'
2026-05-26 16:45:37,780 - masks - DEBUG - Извлечены цифры: '75106830613657916952' (длина: 20)
2026-05-26 16:45:37,780 - masks - INFO - Номер счёта валиден, длина: 20 цифр
2026-05-26 16:45:37,781 - masks - DEBUG - Последние 4 цифры: '6952'
2026-05-26 16:45:37,781 - masks - INFO - Замаскированный номер счёта создан: '**6952'
2026-05-26 16:45:37,781 - masks - DEBUG - Извлечены цифры: '19708645243227258542' (длина: 20)
2026-05-26 16:45:37,781 - masks - INFO - Номер счёта валиден, длина: 20 цифр
2026-05-26 16:45:37,781 - masks - DEBUG - Последние 4 цифры: '8542'
2026-05-26 16:45:37,781 - masks - INFO - Замаскированный номер счёта создан: '**8542'
2026-05-26 16:45:37,781 - masks - DEBUG - Начало обработки номера карты: '44812258784861134719'
2026-05-26 16:45:37,781 - masks - DEBUG - Извлечены цифры: '44812258784861134719' (длина: 20)
2026-05-26 16:45:37,781 - masks - INFO - Номер карты валиден, длина: 20 цифр
2026-05-26 16:45:37,781 - masks - DEBUG - Первые 6 цифр: '448122', последние 4 цифры: '4719'
2026-05-26 16:45:37,781 - masks - DEBUG - Создана полная маска (без форматирования): '448122**********4719'
2026-05-26 16:45:37,781 - masks - INFO - Замаскированный номер создан: '4481 22** **** **** 4719'
2026-05-26 16:45:37,781 - masks - DEBUG - Начало обработки номера карты: '12345678901234567890'
2026-05-26 16:45:37,781 - masks - DEBUG - Извлечены цифры: '12345678901234567890' (длина: 20)
2026-05-26 16:45:37,781 - masks - INFO - Номер карты валиден, длина: 20 цифр
2026-05-26 16:45:37,781 - masks - DEBUG - Первые 6 цифр: '123456', последние 4 цифры: '7890'
2026-05-26 16:45:37,781 - masks - DEBUG - Создана полная маска (без форматирования): '123456**********7890'
2026-05-26 16:45:37,781 - masks - INFO - Замаскированный номер создан: '1234 56** **** **** 7890'
2026-05-26 16:45:37,782 - masks - DEBUG - Начало обработки номера карты: '4111111111111111'
2026-05-26 16:45:37,782 - masks - DEBUG - Извлечены цифры: '4111111111111111' (длина: 16)
2026-05-26 16:45:37,782 - masks - INFO - Номер карты валиден, длина: 16 цифр
2026-05-26 16:45:37,782 - masks - DEBUG - Первые 6 цифр: '411111', последние 4 цифры: '1111'
2026-05-26 16:45:37,782 - masks - DEBUG - Создана полная маска (без форматирования): '411111******1111'
2026-05-26 16:45:37,782 - masks - INFO - Замаскированный номер создан: '4111 11** **** 1111'
2026-05-26 16:45:37,782 - masks - DEBUG - Извлечены цифры: '11112222333344445555' (длина: 20)
2026-05-26 16:45:37,782 - masks - INFO - Номер счёта валиден, длина: 20 цифр
2026-05-26 16:45:37,782 - masks - DEBUG - Последние 4 цифры: '5555'
2026-05-26 16:45:37,782 - masks - INFO - Замаскированный номер счёта создан: '**5555'
2026-05-26 16:45:37,782 - masks - DEBUG - Начало обработки номера карты: '5212345678901234'
2026-05-26 16:45:37,782 - masks - DEBUG - Извлечены цифры: '5212345678901234' (длина: 16)
2026-05-26 16:45:37,782 - masks - INFO - Номер карты валиден, длина: 16 цифр
2026-05-26 16:45:37,782 - masks - DEBUG - Первые 6 цифр: '521234', последние 4 цифры: '1234'
2026-05-26 16:45:37,782 - masks - DEBUG - Создана полная маска (без форматирования): '521234******1234'
2026-05-26 16:45:37,782 - masks - INFO - Замаскированный номер создан: '5212 34** **** 1234'
2026-05-26 16:45:37,782 - masks - DEBUG - Начало обработки номера карты: '99998888777766665555'
2026-05-26 16:45:37,782 - masks - DEBUG - Извлечены цифры: '99998888777766665555' (длина: 20)
2026-05-26 16:45:37,782 - masks - INFO - Номер карты валиден, длина: 20 цифр
2026-05-26 16:45:37,782 - masks - DEBUG - Первые 6 цифр: '999988', последние 4 цифры: '5555'
2026-05-26 16:45:37,782 - masks - DEBUG - Создана полная маска (без форматирования): '999988**********5555'
2026-05-26 16:45:37,782 - masks - INFO - Замаскированный номер создан: '9999 88** **** **** 5555'
2026-05-26 16:45:37,783 - masks - DEBUG - Начало обработки номера карты: ''
2026-05-26 16:45:37,783 - masks - DEBUG - Извлечены цифры: '' (длина: 0)
2026-05-26 16:45:37,783 - masks - ERROR - Номер карты должен содержать не менее 10 цифр. Получено: 0
2026-05-26 16:45:37,783 - masks - DEBUG - Начало обработки номера карты: ''
2026-05-26 16:45:37,783 - masks - DEBUG - Извлечены цифры: '' (длина: 0)
2026-05-26 16:45:37,783 - masks - ERROR - Номер карты должен содержать не менее 10 цифр. Получено: 0
2026-05-26 16:45:37,783 - masks - DEBUG - Начало обработки номера карты: ''
2026-05-26 16:45:37,783 - masks - DEBUG - Извлечены цифры: '' (длина: 0)
2026-05-26 16:45:37,783 - masks - ERROR - Номер карты должен содержать не менее 10 цифр. Получено: 0
